src/services/ai/reconciliation.ts(105,30): error TS18047: 'ai' is possibly 'null'.
