
> minhas-financas@1.0.0 test:run
> vitest run src/services/assistantService.test.ts


[1m[7m[36m RUN [39m[27m[22m [36mv2.1.9 [39m[90mC:/Users/gabri/OneDrive/Documentos/Finan├ºas/minhas_financas[39m

 [31mÔØ»[39m src/services/assistantService.test.ts [2m([22m[2m55 tests[22m[2m | [22m[31m35 failed[39m[2m)[22m[90m 78[2mms[22m[39m
[31m   [31m├ù[31m assistant parser - interpreta├º├úo contextual[2m > [22minterpreta despesa sem verbo de comando e extrai dados do contexto[90m 21[2mms[22m[31m[39m
[31m     ÔåÆ expected 'Fui almo├ºar Unit,' to be 'Almo├ºo na Unit' // Object.is equality[39m
[31m   [31m├ù[31m assistant parser - interpreta├º├úo contextual[2m > [22mmant├®m localiza├º├úo quando dispon├¡vel e usa palavra ├║nica[90m 2[2mms[22m[31m[39m
[31m     ÔåÆ expected 'Compras Aracaju' to be 'Compras em Aracaju' // Object.is equality[39m
[31m   [31m├ù[31m assistant parser - interpreta├º├úo contextual[2m > [22mevita artigo solto e usa fallback de palavra ├║nica sem localiza├º├úo[90m 1[2mms[22m[31m[39m
[31m     ÔåÆ expected 'O almo├ºo' to be 'Almo├ºo' // Object.is equality[39m
[31m   [31m├ù[31m assistant parser - interpreta├º├úo contextual[2m > [22musa descri├º├úo curta quando n├úo h├í localiza├º├úo dispon├¡vel[90m 1[2mms[22m[31m[39m
[31m     ÔåÆ expected 'Fiz compras' to be 'Compras' // Object.is equality[39m
[31m   [31m├ù[31m assistant parser - interpreta├º├úo contextual[2m > [22mmant├®m padr├úo palavra-chave + local com contra├º├úo no/na[90m 2[2mms[22m[31m[39m
[31m     ÔåÆ expected 'Jantei Giraffas' to be 'Jantar no Giraffas' // Object.is equality[39m
[31m   [31m├ù[31m assistant parser - interpreta├º├úo contextual[2m > [22mnormaliza ifood com localiza├º├úo quando dispon├¡vel[90m 3[2mms[22m[31m[39m
[31m     ÔåÆ expected 'Pedi iFood casa' to be 'Ifood em Casa' // Object.is equality[39m
[31m   [31m├ù[31m assistant insights - regress├Áes de narrativa[2m > [22mmescla over-limit e concentra├º├úo da mesma categoria em frase ├║nica[90m 3[2mms[22m[31m[39m
[31m     ÔåÆ expected [ ÔÇª(3) ] to include 'Compras passou do limite em 1329% conÔÇª'[39m
[31m   [31m├ù[31m assistant parser - despesas por contexto de categoria[2m > [22midentifica transporte com uber sem verbo de comando[90m 1[2mms[22m[31m[39m
[31m     ÔåÆ expected 'uber' to be 'Uber' // Object.is equality[39m
[31m   [31m├ù[31m assistant parser - despesas por contexto de categoria[2m > [22midentifica moradia com conta de internet[90m 1[2mms[22m[31m[39m
[31m     ÔåÆ expected 'Conta de internet' to be 'Internet' // Object.is equality[39m
[31m   [31m├ù[31m assistant parser - despesas por contexto de categoria[2m > [22midentifica sa├║de com farm├ícia e local[90m 1[2mms[22m[31m[39m
[31m     ÔåÆ expected 'Farm├ícia centro' to be 'Farm├ícia no Centro' // Object.is equality[39m
[31m   [31m├ù[31m assistant parser - investimentos e casos de controle[2m > [22minterpreta decimal com v├¡rgula sem quebrar em dois lan├ºamentos[90m 3[2mms[22m[31m[39m
[31m     ÔåÆ expected [ { amount: 19, ÔÇª(4) }, ÔÇª(1) ] to be undefined[39m
[31m   [31m├ù[31m assistant parser - investimentos e casos de controle[2m > [22minterpreta valor falado com reais e centavos por extenso[90m 1[2mms[22m[31m[39m
[31m     ÔåÆ expected 'unknown' to be 'add_expense' // Object.is equality[39m
[31m   [31m├ù[31m assistant parser - investimentos e casos de controle[2m > [22minterpreta valor com conectivo "com"[90m 2[2mms[22m[31m[39m
[31m     ÔåÆ expected 19 to be 19.98 // Object.is equality[39m
[31m   [31m├ù[31m assistant parser - investimentos e casos de controle[2m > [22minterpreta valor com reais e centavos num├®ricos[90m 1[2mms[22m[31m[39m
[31m     ÔåÆ expected 19 to be 19.98 // Object.is equality[39m
[31m   [31m├ù[31m assistant parser - investimentos e casos de controle[2m > [22minterpreta valor com reais e centavos por extenso[90m 1[2mms[22m[31m[39m
[31m     ÔåÆ expected 'unknown' to be 'add_expense' // Object.is equality[39m
[31m   [31m├ù[31m assistant parser - investimentos e casos de controle[2m > [22mextrai forma de pagamento e cart├úo de cr├®dito no comando[90m 1[2mms[22m[31m[39m
[31m     ÔåÆ expected undefined to be 'Nubank' // Object.is equality[39m
[31m   [31m├ù[31m assistant parser - investimentos e casos de controle[2m > [22mextrai nome de cart├úo no formato "cart├úo da ..."[90m 1[2mms[22m[31m[39m
[31m     ÔåÆ expected undefined to be 'Inter' // Object.is equality[39m
[31m   [31m├ù[31m assistant parser - investimentos e casos de controle[2m > [22minterpreta comando composto com despesas e investimento no mesmo contexto[90m 1[2mms[22m[31m[39m
[31m     ÔåÆ expected [ { amount: 80, ÔÇª(4) }, ÔÇª(3) ] to have a length of 3 but got 4[39m
[31m   [31m├ù[31m assistant parser - investimentos e casos de controle[2m > [22mmant├®m forma de pagamento por item em comando composto[90m 1[2mms[22m[31m[39m
[31m     ÔåÆ expected undefined to be 'Nubank' // Object.is equality[39m
[31m   [31m├ù[31m assistant parser - investimentos e casos de controle[2m > [22mcalcula valor no relat├│rio para despesa compartilhada com amigos[90m 1[2mms[22m[31m[39m
[31m     ÔåÆ expected [ { amount: 5, ÔÇª(4) }, ÔÇª(2) ] to have a length of 1 but got 3[39m
[31m   [31m├ù[31m assistant parser - investimentos e casos de controle[2m > [22maplica l├│gica de divis├úo tamb├®m para renda compartilhada[90m 1[2mms[22m[31m[39m
[31m     ÔåÆ expected undefined to be defined[39m
[31m   [31m├ù[31m assistant parser - investimentos e casos de controle[2m > [22mentende divis├úo com "dividimos por X"[90m 1[2mms[22m[31m[39m
[31m     ÔåÆ expected undefined to be close to 0.3333333333333333, received difference is NaN, but expected 0.000049999999999999996[39m
[31m   [31m├ù[31m assistant parser - investimentos e casos de controle[2m > [22mentende divis├úo com "dividimos em X"[90m 1[2mms[22m[31m[39m
[31m     ÔåÆ Cannot read properties of undefined (reading 'amount')[39m
[31m   [31m├ù[31m assistant parser - investimentos e casos de controle[2m > [22mprioriza valor expl├¡cito da minha parte no c├ílculo de relat├│rio[90m 1[2mms[22m[31m[39m
[31m     ÔåÆ expected undefined to be 0.25 // Object.is equality[39m
[31m   [31m├ù[31m assistant parser - investimentos e casos de controle[2m > [22mentende express├úo "cada um pagou" para renda compartilhada[90m 1[2mms[22m[31m[39m
[31m     ÔåÆ expected undefined to be close to 0.3333333333333333, received difference is NaN, but expected 0.000049999999999999996[39m
[31m   [31m├ù[31m assistant parser - investimentos e casos de controle[2m > [22mentende express├úo "por cabe├ºa"[90m 1[2mms[22m[31m[39m
[31m     ÔåÆ expected undefined to be 0.25 // Object.is equality[39m
[31m   [31m├ù[31m assistant parser - investimentos e casos de controle[2m > [22mentende express├úo coloquial "o meu saiu"[90m 1[2mms[22m[31m[39m
[31m     ÔåÆ expected undefined to be 0.25 // Object.is equality[39m
[31m   [31m├ù[31m assistant parser - investimentos e casos de controle[2m > [22mentende express├úo coloquial "cada um deu"[90m 1[2mms[22m[31m[39m
[31m     ÔåÆ expected undefined to be 0.25 // Object.is equality[39m
[31m   [31m├ù[31m assistant parser - investimentos e casos de controle[2m > [22mmant├®m fallback de divis├úo meio a meio com "rachou"[90m 1[2mms[22m[31m[39m
[31m     ÔåÆ expected undefined to be 0.5 // Object.is equality[39m
[31m   [31m├ù[31m assistant parser - investimentos e casos de controle[2m > [22mentende varia├º├úo abreviada "pra mim deu"[90m 1[2mms[22m[31m[39m
[31m     ÔåÆ expected undefined to be 0.25 // Object.is equality[39m
[31m   [31m├ù[31m assistant parser - investimentos e casos de controle[2m > [22mentende varia├º├úo curta "meu foi"[90m 1[2mms[22m[31m[39m
[31m     ÔåÆ expected undefined to be 0.25 // Object.is equality[39m
[31m   [31m├ù[31m assistant parser - investimentos e casos de controle[2m > [22mentende varia├º├úo num├®rica "cada 1 pagou"[90m 1[2mms[22m[31m[39m
[31m     ÔåÆ expected undefined to be close to 0.3333333333333333, received difference is NaN, but expected 0.000049999999999999996[39m
[31m   [31m├ù[31m assistant parser - investimentos e casos de controle[2m > [22mentende transcri├º├úo sem espa├ºo "pramim"[90m 1[2mms[22m[31m[39m
[31m     ÔåÆ expected undefined to be close to 0.3333333333333333, received difference is NaN, but expected 0.000049999999999999996[39m
[31m   [31m├ù[31m assistant parser - investimentos e casos de controle[2m > [22mentende transcri├º├úo sem espa├ºo "porcabeca"[90m 1[2mms[22m[31m[39m
[31m     ÔåÆ expected undefined to be 0.25 // Object.is equality[39m
[31m   [31m├ù[31m assistant parser - investimentos e casos de controle[2m > [22mentende transcri├º├úo sem espa├ºo "cadaum"[90m 1[2mms[22m[31m[39m
[31m     ÔåÆ expected undefined to be close to 0.3333333333333333, received difference is NaN, but expected 0.000049999999999999996[39m

ÔÄ»ÔÄ»ÔÄ»ÔÄ»ÔÄ»ÔÄ» Failed Tests 35 ÔÄ»ÔÄ»ÔÄ»ÔÄ»ÔÄ»ÔÄ»ÔÄ»

 FAIL  src/services/assistantService.test.ts > assistant parser - interpreta├º├úo contextual > interpreta despesa sem verbo de comando e extrai dados do contexto
AssertionError: expected 'Fui almo├ºar Unit,' to be 'Almo├ºo na Unit' // Object.is equality

Expected: "Almo├ºo na Unit"
Received: "Fui almo├ºar Unit,"

 ÔØ» src/services/assistantService.test.ts:13:31
     11|     expect(confidence).toBeGreaterThanOrEqual(0.8)
     12|     expect(slots.amount).toBe(140.96)
     13|     expect(slots.description).toBe('Almo├ºo na Unit')
       |                               ^
     14|   })
     15| 

ÔÄ»ÔÄ»ÔÄ»ÔÄ»ÔÄ»ÔÄ»ÔÄ»ÔÄ»ÔÄ»ÔÄ»ÔÄ»ÔÄ»ÔÄ»ÔÄ»ÔÄ»ÔÄ»ÔÄ»ÔÄ»ÔÄ»ÔÄ»ÔÄ»ÔÄ»ÔÄ»[1/35]ÔÄ»

 FAIL  src/services/assistantService.test.ts > assistant parser - interpreta├º├úo contextual > mant├®m localiza├º├úo quando dispon├¡vel e usa palavra ├║nica
AssertionError: expected 'Compras Aracaju' to be 'Compras em Aracaju' // Object.is equality

Expected: "Compras em Aracaju"
Received: "Compras Aracaju"

 ÔØ» src/services/assistantService.test.ts:22:31
     20| 
     21|     expect(intent).toBe('add_expense')
     22|     expect(slots.description).toBe('Compras em Aracaju')
       |                               ^
     23|   })
     24| 

ÔÄ»ÔÄ»ÔÄ»ÔÄ»ÔÄ»ÔÄ»ÔÄ»ÔÄ»ÔÄ»ÔÄ»ÔÄ»ÔÄ»ÔÄ»ÔÄ»ÔÄ»ÔÄ»ÔÄ»ÔÄ»ÔÄ»ÔÄ»ÔÄ»ÔÄ»ÔÄ»[2/35]ÔÄ»

 FAIL  src/services/assistantService.test.ts > assistant parser - interpreta├º├úo contextual > evita artigo solto e usa fallback de palavra ├║nica sem localiza├º├úo
AssertionError: expected 'O almo├ºo' to be 'Almo├ºo' // Object.is equality

Expected: "Almo├ºo"
Received: "O almo├ºo"

 ÔØ» src/services/assistantService.test.ts:31:31
     29| 
     30|     expect(intent).toBe('add_expense')
     31|     expect(slots.description).toBe('Almo├ºo')
       |                               ^
     32|   })
     33| 

ÔÄ»ÔÄ»ÔÄ»ÔÄ»ÔÄ»ÔÄ»ÔÄ»ÔÄ»ÔÄ»ÔÄ»ÔÄ»ÔÄ»ÔÄ»ÔÄ»ÔÄ»ÔÄ»ÔÄ»ÔÄ»ÔÄ»ÔÄ»ÔÄ»ÔÄ»ÔÄ»[3/35]ÔÄ»

 FAIL  src/services/assistantService.test.ts > assistant parser - interpreta├º├úo contextual > usa descri├º├úo curta quando n├úo h├í localiza├º├úo dispon├¡vel
AssertionError: expected 'Fiz compras' to be 'Compras' // Object.is equality

Expected: "Compras"
Received: "Fiz compras"

 ÔØ» src/services/assistantService.test.ts:40:31
     38| 
     39|     expect(intent).toBe('add_expense')
     40|     expect(slots.description).toBe('Compras')
       |                               ^
     41|   })
     42| 

ÔÄ»ÔÄ»ÔÄ»ÔÄ»ÔÄ»ÔÄ»ÔÄ»ÔÄ»ÔÄ»ÔÄ»ÔÄ»ÔÄ»ÔÄ»ÔÄ»ÔÄ»ÔÄ»ÔÄ»ÔÄ»ÔÄ»ÔÄ»ÔÄ»ÔÄ»ÔÄ»[4/35]ÔÄ»

 FAIL  src/services/assistantService.test.ts > assistant parser - interpreta├º├úo contextual > mant├®m padr├úo palavra-chave + local com contra├º├úo no/na
AssertionError: expected 'Jantei Giraffas' to be 'Jantar no Giraffas' // Object.is equality

Expected: "Jantar no Giraffas"
Received: "Jantei Giraffas"

 ÔØ» src/services/assistantService.test.ts:50:31
     48|     expect(intent).toBe('add_expense')
     49|     expect(slots.amount).toBe(42)
     50|     expect(slots.description).toBe('Jantar no Giraffas')
       |                               ^
     51|   })
     52| 

ÔÄ»ÔÄ»ÔÄ»ÔÄ»ÔÄ»ÔÄ»ÔÄ»ÔÄ»ÔÄ»ÔÄ»ÔÄ»ÔÄ»ÔÄ»ÔÄ»ÔÄ»ÔÄ»ÔÄ»ÔÄ»ÔÄ»ÔÄ»ÔÄ»ÔÄ»ÔÄ»[5/35]ÔÄ»

 FAIL  src/services/assistantService.test.ts > assistant parser - interpreta├º├úo contextual > normaliza ifood com localiza├º├úo quando dispon├¡vel
AssertionError: expected 'Pedi iFood casa' to be 'Ifood em Casa' // Object.is equality

Expected: "Ifood em Casa"
Received: "Pedi iFood casa"

 ÔØ» src/services/assistantService.test.ts:60:31
     58|     expect(intent).toBe('add_expense')
     59|     expect(slots.amount).toBe(63.5)
     60|     expect(slots.description).toBe('Ifood em Casa')
       |                               ^
     61|   })
     62| })

ÔÄ»ÔÄ»ÔÄ»ÔÄ»ÔÄ»ÔÄ»ÔÄ»ÔÄ»ÔÄ»ÔÄ»ÔÄ»ÔÄ»ÔÄ»ÔÄ»ÔÄ»ÔÄ»ÔÄ»ÔÄ»ÔÄ»ÔÄ»ÔÄ»ÔÄ»ÔÄ»[6/35]ÔÄ»

 FAIL  src/services/assistantService.test.ts > assistant insights - regress├Áes de narrativa > mescla over-limit e concentra├º├úo da mesma categoria em frase ├║nica
AssertionError: expected [ ÔÇª(3) ] to include 'Compras passou do limite em 1329% conÔÇª'
 ÔØ» src/services/assistantService.test.ts:110:20
    108|     ])
    109| 
    110|     expect(merged).toContain('Compras passou do limite em 1329% concenÔÇª
       |                    ^
    111|     expect(merged).toContain('Seu padr├úo semanal mostra maior press├úo ÔÇª
    112|     expect(merged.some((line) => line === 'Compras passou do limite emÔÇª

ÔÄ»ÔÄ»ÔÄ»ÔÄ»ÔÄ»ÔÄ»ÔÄ»ÔÄ»ÔÄ»ÔÄ»ÔÄ»ÔÄ»ÔÄ»ÔÄ»ÔÄ»ÔÄ»ÔÄ»ÔÄ»ÔÄ»ÔÄ»ÔÄ»ÔÄ»ÔÄ»[7/35]ÔÄ»

 FAIL  src/services/assistantService.test.ts > assistant parser - despesas por contexto de categoria > identifica transporte com uber sem verbo de comando
AssertionError: expected 'uber' to be 'Uber' // Object.is equality

Expected: "Uber"
Received: "uber"

 ÔØ» src/services/assistantService.test.ts:154:31
    152|     expect(confidence).toBeGreaterThanOrEqual(0.8)
    153|     expect(slots.amount).toBe(23.9)
    154|     expect(slots.description).toBe('Uber')
       |                               ^
    155|   })
    156| 

ÔÄ»ÔÄ»ÔÄ»ÔÄ»ÔÄ»ÔÄ»ÔÄ»ÔÄ»ÔÄ»ÔÄ»ÔÄ»ÔÄ»ÔÄ»ÔÄ»ÔÄ»ÔÄ»ÔÄ»ÔÄ»ÔÄ»ÔÄ»ÔÄ»ÔÄ»ÔÄ»[8/35]ÔÄ»

 FAIL  src/services/assistantService.test.ts > assistant parser - despesas por contexto de categoria > identifica moradia com conta de internet
AssertionError: expected 'Conta de internet' to be 'Internet' // Object.is equality

Expected: "Internet"
Received: "Conta de internet"

 ÔØ» src/services/assistantService.test.ts:164:31
    162|     expect(intent).toBe('add_expense')
    163|     expect(slots.amount).toBe(120)
    164|     expect(slots.description).toBe('Internet')
       |                               ^
    165|   })
    166| 

ÔÄ»ÔÄ»ÔÄ»ÔÄ»ÔÄ»ÔÄ»ÔÄ»ÔÄ»ÔÄ»ÔÄ»ÔÄ»ÔÄ»ÔÄ»ÔÄ»ÔÄ»ÔÄ»ÔÄ»ÔÄ»ÔÄ»ÔÄ»ÔÄ»ÔÄ»ÔÄ»[9/35]ÔÄ»

 FAIL  src/services/assistantService.test.ts > assistant parser - despesas por contexto de categoria > identifica sa├║de com farm├ícia e local
AssertionError: expected 'Farm├ícia centro' to be 'Farm├ícia no Centro' // Object.is equality

Expected: "Farm├ícia no Centro"
Received: "Farm├ícia centro"

 ÔØ» src/services/assistantService.test.ts:174:31
    172|     expect(intent).toBe('add_expense')
    173|     expect(slots.amount).toBe(75.2)
    174|     expect(slots.description).toBe('Farm├ícia no Centro')
       |                               ^
    175|   })
    176| })

ÔÄ»ÔÄ»ÔÄ»ÔÄ»ÔÄ»ÔÄ»ÔÄ»ÔÄ»ÔÄ»ÔÄ»ÔÄ»ÔÄ»ÔÄ»ÔÄ»ÔÄ»ÔÄ»ÔÄ»ÔÄ»ÔÄ»ÔÄ»ÔÄ»ÔÄ»[10/35]ÔÄ»

 FAIL  src/services/assistantService.test.ts > assistant parser - investimentos e casos de controle > interpreta decimal com v├¡rgula sem quebrar em dois lan├ºamentos
AssertionError: expected [ { amount: 19, ÔÇª(4) }, ÔÇª(1) ] to be undefined

- Expected: 
undefined

+ Received: 
Array [
  Object {
    "amount": 19,
    "credit_card_name": undefined,
    "description": undefined,
    "payment_method": undefined,
    "transactionType": "expense",
  },
  Object {
    "amount": 98,
    "credit_card_name": undefined,
    "description": "caf├®",
    "payment_method": undefined,
    "transactionType": "expense",
  },
]

 ÔØ» src/services/assistantService.test.ts:264:25
    262|     expect(intent).toBe('add_expense')
    263|     expect(slots.amount).toBe(19.98)
    264|     expect(slots.items).toBeUndefined()
       |                         ^
    265|   })
    266| 

ÔÄ»ÔÄ»ÔÄ»ÔÄ»ÔÄ»ÔÄ»ÔÄ»ÔÄ»ÔÄ»ÔÄ»ÔÄ»ÔÄ»ÔÄ»ÔÄ»ÔÄ»ÔÄ»ÔÄ»ÔÄ»ÔÄ»ÔÄ»ÔÄ»ÔÄ»[11/35]ÔÄ»

 FAIL  src/services/assistantService.test.ts > assistant parser - investimentos e casos de controle > interpreta valor falado com reais e centavos por extenso
AssertionError: expected 'unknown' to be 'add_expense' // Object.is equality

Expected: "add_expense"
Received: "unknown"

 ÔØ» src/services/assistantService.test.ts:282:20
    280|     const slots = assistantParserInternals.buildSlots(text, intent)
    281| 
    282|     expect(intent).toBe('add_expense')
       |                    ^
    283|     expect(slots.amount).toBe(19.98)
    284|     expect(slots.items).toBeUndefined()

ÔÄ»ÔÄ»ÔÄ»ÔÄ»ÔÄ»ÔÄ»ÔÄ»ÔÄ»ÔÄ»ÔÄ»ÔÄ»ÔÄ»ÔÄ»ÔÄ»ÔÄ»ÔÄ»ÔÄ»ÔÄ»ÔÄ»ÔÄ»ÔÄ»ÔÄ»[12/35]ÔÄ»

 FAIL  src/services/assistantService.test.ts > assistant parser - investimentos e casos de controle > interpreta valor com conectivo "com"
AssertionError: expected 19 to be 19.98 // Object.is equality

- Expected
+ Received

- 19.98
+ 19

 ÔØ» src/services/assistantService.test.ts:293:26
    291| 
    292|     expect(intent).toBe('add_expense')
    293|     expect(slots.amount).toBe(19.98)
       |                          ^
    294|     expect(slots.items).toBeUndefined()
    295|   })

ÔÄ»ÔÄ»ÔÄ»ÔÄ»ÔÄ»ÔÄ»ÔÄ»ÔÄ»ÔÄ»ÔÄ»ÔÄ»ÔÄ»ÔÄ»ÔÄ»ÔÄ»ÔÄ»ÔÄ»ÔÄ»ÔÄ»ÔÄ»ÔÄ»ÔÄ»[13/35]ÔÄ»

 FAIL  src/services/assistantService.test.ts > assistant parser - investimentos e casos de controle > interpreta valor com reais e centavos num├®ricos
AssertionError: expected 19 to be 19.98 // Object.is equality

- Expected
+ Received

- 19.98
+ 19

 ÔØ» src/services/assistantService.test.ts:303:26
    301| 
    302|     expect(intent).toBe('add_expense')
    303|     expect(slots.amount).toBe(19.98)
       |                          ^
    304|     expect(slots.items).toBeUndefined()
    305|   })

ÔÄ»ÔÄ»ÔÄ»ÔÄ»ÔÄ»ÔÄ»ÔÄ»ÔÄ»ÔÄ»ÔÄ»ÔÄ»ÔÄ»ÔÄ»ÔÄ»ÔÄ»ÔÄ»ÔÄ»ÔÄ»ÔÄ»ÔÄ»ÔÄ»ÔÄ»[14/35]ÔÄ»

 FAIL  src/services/assistantService.test.ts > assistant parser - investimentos e casos de controle > interpreta valor com reais e centavos por extenso
AssertionError: expected 'unknown' to be 'add_expense' // Object.is equality

Expected: "add_expense"
Received: "unknown"

 ÔØ» src/services/assistantService.test.ts:312:20
    310|     const slots = assistantParserInternals.buildSlots(text, intent)
    311| 
    312|     expect(intent).toBe('add_expense')
       |                    ^
    313|     expect(slots.amount).toBe(19.98)
    314|     expect(slots.items).toBeUndefined()

ÔÄ»ÔÄ»ÔÄ»ÔÄ»ÔÄ»ÔÄ»ÔÄ»ÔÄ»ÔÄ»ÔÄ»ÔÄ»ÔÄ»ÔÄ»ÔÄ»ÔÄ»ÔÄ»ÔÄ»ÔÄ»ÔÄ»ÔÄ»ÔÄ»ÔÄ»[15/35]ÔÄ»

 FAIL  src/services/assistantService.test.ts > assistant parser - investimentos e casos de controle > extrai forma de pagamento e cart├úo de cr├®dito no comando
AssertionError: expected undefined to be 'Nubank' // Object.is equality

- Expected: 
"Nubank"

+ Received: 
undefined

 ÔØ» src/services/assistantService.test.ts:344:36
    342|     expect(intent).toBe('add_expense')
    343|     expect(slots.payment_method).toBe('credit_card')
    344|     expect(slots.credit_card_name).toBe('Nubank')
       |                                    ^
    345|     expect(slots.installment_count).toBe(3)
    346|   })

ÔÄ»ÔÄ»ÔÄ»ÔÄ»ÔÄ»ÔÄ»ÔÄ»ÔÄ»ÔÄ»ÔÄ»ÔÄ»ÔÄ»ÔÄ»ÔÄ»ÔÄ»ÔÄ»ÔÄ»ÔÄ»ÔÄ»ÔÄ»ÔÄ»ÔÄ»[16/35]ÔÄ»

 FAIL  src/services/assistantService.test.ts > assistant parser - investimentos e casos de controle > extrai nome de cart├úo no formato "cart├úo da ..."
AssertionError: expected undefined to be 'Inter' // Object.is equality

- Expected: 
"Inter"

+ Received: 
undefined

 ÔØ» src/services/assistantService.test.ts:355:36
    353|     expect(intent).toBe('add_expense')
    354|     expect(slots.payment_method).toBe('credit_card')
    355|     expect(slots.credit_card_name).toBe('Inter')
       |                                    ^
    356|   })
    357| 

ÔÄ»ÔÄ»ÔÄ»ÔÄ»ÔÄ»ÔÄ»ÔÄ»ÔÄ»ÔÄ»ÔÄ»ÔÄ»ÔÄ»ÔÄ»ÔÄ»ÔÄ»ÔÄ»ÔÄ»ÔÄ»ÔÄ»ÔÄ»ÔÄ»ÔÄ»[17/35]ÔÄ»

 FAIL  src/services/assistantService.test.ts > assistant parser - investimentos e casos de controle > interpreta comando composto com despesas e investimento no mesmo contexto
AssertionError: expected [ { amount: 80, ÔÇª(4) }, ÔÇª(3) ] to have a length of 3 but got 4

- Expected
+ Received

- 3
+ 4

 ÔØ» src/services/assistantService.test.ts:390:25
    388| 
    389|     expect(slots.items).toBeDefined()
    390|     expect(slots.items).toHaveLength(3)
       |                         ^
    391| 
    392|     const [first, second, third] = slots.items || []

ÔÄ»ÔÄ»ÔÄ»ÔÄ»ÔÄ»ÔÄ»ÔÄ»ÔÄ»ÔÄ»ÔÄ»ÔÄ»ÔÄ»ÔÄ»ÔÄ»ÔÄ»ÔÄ»ÔÄ»ÔÄ»ÔÄ»ÔÄ»ÔÄ»ÔÄ»[18/35]ÔÄ»

 FAIL  src/services/assistantService.test.ts > assistant parser - investimentos e casos de controle > mant├®m forma de pagamento por item em comando composto
AssertionError: expected undefined to be 'Nubank' // Object.is equality

- Expected: 
"Nubank"

+ Received: 
undefined

 ÔØ» src/services/assistantService.test.ts:421:36
    419|     expect(first.transactionType).toBe('expense')
    420|     expect(first.payment_method).toBe('credit_card')
    421|     expect(first.credit_card_name).toBe('Nubank')
       |                                    ^
    422| 
    423|     expect(second.transactionType).toBe('expense')

ÔÄ»ÔÄ»ÔÄ»ÔÄ»ÔÄ»ÔÄ»ÔÄ»ÔÄ»ÔÄ»ÔÄ»ÔÄ»ÔÄ»ÔÄ»ÔÄ»ÔÄ»ÔÄ»ÔÄ»ÔÄ»ÔÄ»ÔÄ»ÔÄ»ÔÄ»[19/35]ÔÄ»

 FAIL  src/services/assistantService.test.ts > assistant parser - investimentos e casos de controle > calcula valor no relat├│rio para despesa compartilhada com amigos
AssertionError: expected [ { amount: 5, ÔÇª(4) }, ÔÇª(2) ] to have a length of 1 but got 3

- Expected
+ Received

- 1
+ 3

 ÔØ» src/services/assistantService.test.ts:435:25
    433|     expect(intent).toBe('add_expense')
    434|     expect(slots.items).toBeDefined()
    435|     expect(slots.items).toHaveLength(1)
       |                         ^
    436| 
    437|     const [item] = slots.items || []

ÔÄ»ÔÄ»ÔÄ»ÔÄ»ÔÄ»ÔÄ»ÔÄ»ÔÄ»ÔÄ»ÔÄ»ÔÄ»ÔÄ»ÔÄ»ÔÄ»ÔÄ»ÔÄ»ÔÄ»ÔÄ»ÔÄ»ÔÄ»ÔÄ»ÔÄ»[20/35]ÔÄ»

 FAIL  src/services/assistantService.test.ts > assistant parser - investimentos e casos de controle > aplica l├│gica de divis├úo tamb├®m para renda compartilhada
AssertionError: expected undefined to be defined
 ÔØ» src/services/assistantService.test.ts:451:25
    449| 
    450|     expect(intent).toBe('add_income')
    451|     expect(slots.items).toBeDefined()
       |                         ^
    452|     expect(slots.items).toHaveLength(1)
    453| 

ÔÄ»ÔÄ»ÔÄ»ÔÄ»ÔÄ»ÔÄ»ÔÄ»ÔÄ»ÔÄ»ÔÄ»ÔÄ»ÔÄ»ÔÄ»ÔÄ»ÔÄ»ÔÄ»ÔÄ»ÔÄ»ÔÄ»ÔÄ»ÔÄ»ÔÄ»[21/35]ÔÄ»

 FAIL  src/services/assistantService.test.ts > assistant parser - investimentos e casos de controle > entende divis├úo com "dividimos por X"
AssertionError: expected undefined to be close to 0.3333333333333333, received difference is NaN, but expected 0.000049999999999999996
 ÔØ» src/services/assistantService.test.ts:468:32
    466|     const [item] = slots.items || []
    467|     expect(item.amount).toBe(90)
    468|     expect(item.report_weight).toBeCloseTo(1 / 3, 4)
       |                                ^
    469|   })
    470| 

ÔÄ»ÔÄ»ÔÄ»ÔÄ»ÔÄ»ÔÄ»ÔÄ»ÔÄ»ÔÄ»ÔÄ»ÔÄ»ÔÄ»ÔÄ»ÔÄ»ÔÄ»ÔÄ»ÔÄ»ÔÄ»ÔÄ»ÔÄ»ÔÄ»ÔÄ»[22/35]ÔÄ»

 FAIL  src/services/assistantService.test.ts > assistant parser - investimentos e casos de controle > entende divis├úo com "dividimos em X"
TypeError: Cannot read properties of undefined (reading 'amount')
 ÔØ» src/services/assistantService.test.ts:478:17
    476|     expect(intent).toBe('add_expense')
    477|     const [item] = slots.items || []
    478|     expect(item.amount).toBe(120)
       |                 ^
    479|     expect(item.report_weight).toBe(0.25)
    480|   })

ÔÄ»ÔÄ»ÔÄ»ÔÄ»ÔÄ»ÔÄ»ÔÄ»ÔÄ»ÔÄ»ÔÄ»ÔÄ»ÔÄ»ÔÄ»ÔÄ»ÔÄ»ÔÄ»ÔÄ»ÔÄ»ÔÄ»ÔÄ»ÔÄ»ÔÄ»[23/35]ÔÄ»

 FAIL  src/services/assistantService.test.ts > assistant parser - investimentos e casos de controle > prioriza valor expl├¡cito da minha parte no c├ílculo de relat├│rio
AssertionError: expected undefined to be 0.25 // Object.is equality

- Expected: 
0.25

+ Received: 
undefined

 ÔØ» src/services/assistantService.test.ts:490:32
    488|     const [item] = slots.items || []
    489|     expect(item.amount).toBe(120)
    490|     expect(item.report_weight).toBe(0.25)
       |                                ^
    491|   })
    492| 

ÔÄ»ÔÄ»ÔÄ»ÔÄ»ÔÄ»ÔÄ»ÔÄ»ÔÄ»ÔÄ»ÔÄ»ÔÄ»ÔÄ»ÔÄ»ÔÄ»ÔÄ»ÔÄ»ÔÄ»ÔÄ»ÔÄ»ÔÄ»ÔÄ»ÔÄ»[24/35]ÔÄ»

 FAIL  src/services/assistantService.test.ts > assistant parser - investimentos e casos de controle > entende express├úo "cada um pagou" para renda compartilhada
AssertionError: expected undefined to be close to 0.3333333333333333, received difference is NaN, but expected 0.000049999999999999996
 ÔØ» src/services/assistantService.test.ts:501:32
    499|     const [item] = slots.items || []
    500|     expect(item.amount).toBe(1500)
    501|     expect(item.report_weight).toBeCloseTo(1 / 3, 4)
       |                                ^
    502|   })
    503| 

ÔÄ»ÔÄ»ÔÄ»ÔÄ»ÔÄ»ÔÄ»ÔÄ»ÔÄ»ÔÄ»ÔÄ»ÔÄ»ÔÄ»ÔÄ»ÔÄ»ÔÄ»ÔÄ»ÔÄ»ÔÄ»ÔÄ»ÔÄ»ÔÄ»ÔÄ»[25/35]ÔÄ»

 FAIL  src/services/assistantService.test.ts > assistant parser - investimentos e casos de controle > entende express├úo "por cabe├ºa"
AssertionError: expected undefined to be 0.25 // Object.is equality

- Expected: 
0.25

+ Received: 
undefined

 ÔØ» src/services/assistantService.test.ts:512:32
    510|     const [item] = slots.items || []
    511|     expect(item.amount).toBe(84)
    512|     expect(item.report_weight).toBe(0.25)
       |                                ^
    513|   })
    514| 

ÔÄ»ÔÄ»ÔÄ»ÔÄ»ÔÄ»ÔÄ»ÔÄ»ÔÄ»ÔÄ»ÔÄ»ÔÄ»ÔÄ»ÔÄ»ÔÄ»ÔÄ»ÔÄ»ÔÄ»ÔÄ»ÔÄ»ÔÄ»ÔÄ»ÔÄ»[26/35]ÔÄ»

 FAIL  src/services/assistantService.test.ts > assistant parser - investimentos e casos de controle > entende express├úo coloquial "o meu saiu"
AssertionError: expected undefined to be 0.25 // Object.is equality

- Expected: 
0.25

+ Received: 
undefined

 ÔØ» src/services/assistantService.test.ts:523:32
    521|     const [item] = slots.items || []
    522|     expect(item.amount).toBe(160)
    523|     expect(item.report_weight).toBe(0.25)
       |                                ^
    524|   })
    525| 

ÔÄ»ÔÄ»ÔÄ»ÔÄ»ÔÄ»ÔÄ»ÔÄ»ÔÄ»ÔÄ»ÔÄ»ÔÄ»ÔÄ»ÔÄ»ÔÄ»ÔÄ»ÔÄ»ÔÄ»ÔÄ»ÔÄ»ÔÄ»ÔÄ»ÔÄ»[27/35]ÔÄ»

 FAIL  src/services/assistantService.test.ts > assistant parser - investimentos e casos de controle > entende express├úo coloquial "cada um deu"
AssertionError: expected undefined to be 0.25 // Object.is equality

- Expected: 
0.25

+ Received: 
undefined

 ÔØ» src/services/assistantService.test.ts:534:32
    532|     const [item] = slots.items || []
    533|     expect(item.amount).toBe(120)
    534|     expect(item.report_weight).toBe(0.25)
       |                                ^
    535|   })
    536| 

ÔÄ»ÔÄ»ÔÄ»ÔÄ»ÔÄ»ÔÄ»ÔÄ»ÔÄ»ÔÄ»ÔÄ»ÔÄ»ÔÄ»ÔÄ»ÔÄ»ÔÄ»ÔÄ»ÔÄ»ÔÄ»ÔÄ»ÔÄ»ÔÄ»ÔÄ»[28/35]ÔÄ»

 FAIL  src/services/assistantService.test.ts > assistant parser - investimentos e casos de controle > mant├®m fallback de divis├úo meio a meio com "rachou"
AssertionError: expected undefined to be 0.5 // Object.is equality

- Expected: 
0.5

+ Received: 
undefined

 ÔØ» src/services/assistantService.test.ts:545:32
    543|     const [item] = slots.items || []
    544|     expect(item.amount).toBe(54)
    545|     expect(item.report_weight).toBe(0.5)
       |                                ^
    546|   })
    547| 

ÔÄ»ÔÄ»ÔÄ»ÔÄ»ÔÄ»ÔÄ»ÔÄ»ÔÄ»ÔÄ»ÔÄ»ÔÄ»ÔÄ»ÔÄ»ÔÄ»ÔÄ»ÔÄ»ÔÄ»ÔÄ»ÔÄ»ÔÄ»ÔÄ»ÔÄ»[29/35]ÔÄ»

 FAIL  src/services/assistantService.test.ts > assistant parser - investimentos e casos de controle > entende varia├º├úo abreviada "pra mim deu"
AssertionError: expected undefined to be 0.25 // Object.is equality

- Expected: 
0.25

+ Received: 
undefined

 ÔØ» src/services/assistantService.test.ts:556:32
    554|     const [item] = slots.items || []
    555|     expect(item.amount).toBe(80)
    556|     expect(item.report_weight).toBe(0.25)
       |                                ^
    557|   })
    558| 

ÔÄ»ÔÄ»ÔÄ»ÔÄ»ÔÄ»ÔÄ»ÔÄ»ÔÄ»ÔÄ»ÔÄ»ÔÄ»ÔÄ»ÔÄ»ÔÄ»ÔÄ»ÔÄ»ÔÄ»ÔÄ»ÔÄ»ÔÄ»ÔÄ»ÔÄ»[30/35]ÔÄ»

 FAIL  src/services/assistantService.test.ts > assistant parser - investimentos e casos de controle > entende varia├º├úo curta "meu foi"
AssertionError: expected undefined to be 0.25 // Object.is equality

- Expected: 
0.25

+ Received: 
undefined

 ÔØ» src/services/assistantService.test.ts:567:32
    565|     const [item] = slots.items || []
    566|     expect(item.amount).toBe(100)
    567|     expect(item.report_weight).toBe(0.25)
       |                                ^
    568|   })
    569| 

ÔÄ»ÔÄ»ÔÄ»ÔÄ»ÔÄ»ÔÄ»ÔÄ»ÔÄ»ÔÄ»ÔÄ»ÔÄ»ÔÄ»ÔÄ»ÔÄ»ÔÄ»ÔÄ»ÔÄ»ÔÄ»ÔÄ»ÔÄ»ÔÄ»ÔÄ»[31/35]ÔÄ»

 FAIL  src/services/assistantService.test.ts > assistant parser - investimentos e casos de controle > entende varia├º├úo num├®rica "cada 1 pagou"
AssertionError: expected undefined to be close to 0.3333333333333333, received difference is NaN, but expected 0.000049999999999999996
 ÔØ» src/services/assistantService.test.ts:578:32
    576|     const [item] = slots.items || []
    577|     expect(item.amount).toBe(150)
    578|     expect(item.report_weight).toBeCloseTo(1 / 3, 4)
       |                                ^
    579|   })
    580| 

ÔÄ»ÔÄ»ÔÄ»ÔÄ»ÔÄ»ÔÄ»ÔÄ»ÔÄ»ÔÄ»ÔÄ»ÔÄ»ÔÄ»ÔÄ»ÔÄ»ÔÄ»ÔÄ»ÔÄ»ÔÄ»ÔÄ»ÔÄ»ÔÄ»ÔÄ»[32/35]ÔÄ»

 FAIL  src/services/assistantService.test.ts > assistant parser - investimentos e casos de controle > entende transcri├º├úo sem espa├ºo "pramim"
AssertionError: expected undefined to be close to 0.3333333333333333, received difference is NaN, but expected 0.000049999999999999996
 ÔØ» src/services/assistantService.test.ts:589:32
    587|     const [item] = slots.items || []
    588|     expect(item.amount).toBe(90)
    589|     expect(item.report_weight).toBeCloseTo(1 / 3, 4)
       |                                ^
    590|   })
    591| 

ÔÄ»ÔÄ»ÔÄ»ÔÄ»ÔÄ»ÔÄ»ÔÄ»ÔÄ»ÔÄ»ÔÄ»ÔÄ»ÔÄ»ÔÄ»ÔÄ»ÔÄ»ÔÄ»ÔÄ»ÔÄ»ÔÄ»ÔÄ»ÔÄ»ÔÄ»[33/35]ÔÄ»

 FAIL  src/services/assistantService.test.ts > assistant parser - investimentos e casos de controle > entende transcri├º├úo sem espa├ºo "porcabeca"
AssertionError: expected undefined to be 0.25 // Object.is equality

- Expected: 
0.25

+ Received: 
undefined

 ÔØ» src/services/assistantService.test.ts:600:32
    598|     const [item] = slots.items || []
    599|     expect(item.amount).toBe(84)
    600|     expect(item.report_weight).toBe(0.25)
       |                                ^
    601|   })
    602| 

ÔÄ»ÔÄ»ÔÄ»ÔÄ»ÔÄ»ÔÄ»ÔÄ»ÔÄ»ÔÄ»ÔÄ»ÔÄ»ÔÄ»ÔÄ»ÔÄ»ÔÄ»ÔÄ»ÔÄ»ÔÄ»ÔÄ»ÔÄ»ÔÄ»ÔÄ»[34/35]ÔÄ»

 FAIL  src/services/assistantService.test.ts > assistant parser - investimentos e casos de controle > entende transcri├º├úo sem espa├ºo "cadaum"
AssertionError: expected undefined to be close to 0.3333333333333333, received difference is NaN, but expected 0.000049999999999999996
 ÔØ» src/services/assistantService.test.ts:611:32
    609|     const [item] = slots.items || []
    610|     expect(item.amount).toBe(60)
    611|     expect(item.report_weight).toBeCloseTo(1 / 3, 4)
       |                                ^
    612|   })
    613| })

ÔÄ»ÔÄ»ÔÄ»ÔÄ»ÔÄ»ÔÄ»ÔÄ»ÔÄ»ÔÄ»ÔÄ»ÔÄ»ÔÄ»ÔÄ»ÔÄ»ÔÄ»ÔÄ»ÔÄ»ÔÄ»ÔÄ»ÔÄ»ÔÄ»ÔÄ»[35/35]ÔÄ»

[2m Test Files [22m [1m[31m1 failed[39m[22m[90m (1)[39m
[2m      Tests [22m [1m[31m35 failed[39m[22m[2m | [22m[1m[32m20 passed[39m[22m[90m (55)[39m
[2m   Start at [22m 13:04:10
[2m   Duration [22m 2.55s[2m (transform 392ms, setup 0ms, collect 1.24s, tests 78ms, environment 0ms, prepare 194ms)[22m

