// Vitest Snapshot v1, https://vitest.dev/guide/snapshot.html

exports[`UI primitives snapshots > Button variants render consistently 1`] = `
<div
  class="space-y-2"
>
  <button
    class="inline-flex items-center justify-center gap-2 whitespace-nowrap rounded-xl text-sm font-semibold ring-offset-background transition-colors focus-visible:outline-none focus-visible:ring-2 focus-visible:ring-ring focus-visible:ring-offset-2 disabled:pointer-events-none disabled:opacity-50 motion-standard press-subtle [&_svg]:pointer-events-none [&_svg]:size-4 [&_svg]:shrink-0 border border-primary/25 bg-primary text-primary-foreground shadow-sm hover:opacity-90 h-10 px-4 py-2 min-h-10"
  >
    Primário
  </button>
  <button
    class="inline-flex items-center justify-center gap-2 whitespace-nowrap rounded-xl text-sm font-semibold ring-offset-background transition-colors focus-visible:outline-none focus-visible:ring-2 focus-visible:ring-ring focus-visible:ring-offset-2 disabled:pointer-events-none disabled:opacity-50 motion-standard press-subtle [&_svg]:pointer-events-none [&_svg]:size-4 [&_svg]:shrink-0 border border-glass bg-transparent text-primary hover:bg-accent hover:text-primary h-10 px-4 py-2 min-h-10"
  >
    Outline
  </button>
  <button
    class="inline-flex items-center justify-center gap-2 whitespace-nowrap rounded-xl text-sm font-semibold ring-offset-background transition-colors focus-visible:outline-none focus-visible:ring-2 focus-visible:ring-ring focus-visible:ring-offset-2 disabled:pointer-events-none disabled:opacity-50 motion-standard press-subtle [&_svg]:pointer-events-none [&_svg]:size-4 [&_svg]:shrink-0 border border-destructive/25 bg-destructive text-destructive-foreground hover:opacity-90 h-9 rounded-lg px-3 min-h-9"
  >
    Danger
  </button>
  <button
    class="inline-flex items-center justify-center gap-2 whitespace-nowrap rounded-xl text-sm font-semibold ring-offset-background transition-colors focus-visible:outline-none focus-visible:ring-2 focus-visible:ring-ring focus-visible:ring-offset-2 disabled:pointer-events-none disabled:opacity-50 motion-standard press-subtle [&_svg]:pointer-events-none [&_svg]:size-4 [&_svg]:shrink-0 border border-glass bg-transparent text-income hover:bg-income/10 hover:text-income h-9 rounded-lg px-3 min-h-9"
  >
    Renda
  </button>
  <button
    class="inline-flex items-center justify-center gap-2 whitespace-nowrap rounded-xl text-sm font-semibold ring-offset-background transition-colors focus-visible:outline-none focus-visible:ring-2 focus-visible:ring-ring focus-visible:ring-offset-2 disabled:pointer-events-none disabled:opacity-50 motion-standard press-subtle [&_svg]:pointer-events-none [&_svg]:size-4 [&_svg]:shrink-0 border border-glass bg-transparent text-expense hover:bg-expense/10 hover:text-expense h-9 rounded-lg px-3 min-h-9"
  >
    Despesa
  </button>
  <button
    class="inline-flex items-center justify-center gap-2 whitespace-nowrap rounded-xl text-sm font-semibold ring-offset-background transition-colors focus-visible:outline-none focus-visible:ring-2 focus-visible:ring-ring focus-visible:ring-offset-2 disabled:pointer-events-none disabled:opacity-50 motion-standard press-subtle [&_svg]:pointer-events-none [&_svg]:size-4 [&_svg]:shrink-0 border border-income/25 bg-income text-primary-foreground shadow-sm hover:opacity-90 h-9 rounded-lg px-3 min-h-9"
  >
    Sucesso
  </button>
</div>
`;

exports[`UI primitives snapshots > Card renders clickable state consistently 1`] = `
<div
  class="rounded-2xl border border-glass surface-glass text-card-foreground shadow-sm motion-standard p-4 cursor-pointer motion-standard press-subtle focus:outline-none focus:ring-2 focus:ring-[var(--color-focus)]"
  role="button"
  tabindex="0"
>
  <p>
    Conteúdo do card
  </p>
</div>
`;

exports[`UI primitives snapshots > Input renders label and error state consistently 1`] = `
<div
  class="w-full"
>
  <label
    class="text-sm font-medium leading-none peer-disabled:cursor-not-allowed peer-disabled:opacity-70 text-primary mb-1 block"
    for=":r0:"
  >
    Valor
  </label>
  <div
    class="relative"
  >
    <input
      class="flex h-10 w-full rounded-xl border border-glass bg-[var(--glass-input-bg)] px-3 py-2 text-sm text-primary ring-offset-background file:border-0 file:bg-transparent file:text-sm file:font-medium placeholder:text-muted-foreground focus-visible:outline-none focus-visible:ring-2 focus-visible:ring-ring focus-visible:ring-offset-2 disabled:cursor-not-allowed disabled:opacity-50 backdrop-blur-sm transition-all motion-standard border-destructive"
      id=":r0:"
      value="1.000,00"
    />
  </div>
  <p
    class="mt-1 text-sm text-destructive"
  >
    Campo obrigatório
  </p>
</div>
`;

exports[`UI primitives snapshots > Modal open state renders consistently 1`] = `
<body
  data-scroll-locked="1"
  style="pointer-events: none;"
>
  <span
    aria-hidden="true"
    data-aria-hidden="true"
    data-radix-focus-guard=""
    style="outline: none; opacity: 0; position: fixed; pointer-events: none;"
    tabindex="0"
  />
  <div
    aria-hidden="true"
    data-aria-hidden="true"
  />
  <div
    aria-hidden="true"
    class="fixed inset-0 z-[999] bg-black/40 backdrop-blur-md data-[state=open]:animate-in data-[state=closed]:animate-out data-[state=closed]:fade-out-0 data-[state=open]:fade-in-0 z-[999]"
    data-aria-hidden="true"
    data-state="open"
    style="pointer-events: auto;"
  />
  <div
    aria-describedby="radix-:r4:"
    aria-labelledby="radix-:r3:"
    class="fixed left-[50%] top-[50%] z-[1000] grid w-full max-w-lg translate-x-[-50%] translate-y-[-50%] gap-4 border border-glass surface-glass-strong p-6 shadow-lg duration-200 data-[state=open]:animate-in data-[state=closed]:animate-out data-[state=closed]:fade-out-0 data-[state=open]:fade-in-0 data-[state=closed]:zoom-out-95 data-[state=open]:zoom-in-95 data-[state=closed]:slide-out-to-left-1/2 data-[state=closed]:slide-out-to-top-[48%] data-[state=open]:slide-in-from-left-1/2 data-[state=open]:slide-in-from-top-[48%] rounded-2xl max-h-[min(90vh,900px)] overflow-hidden sm:mx-4 z-[1000] max-w-md modal-dialog-shell flex w-[calc(100vw-2rem)] flex-col gap-0 overflow-hidden p-0 surface-glass-strong sm:w-full"
    data-state="open"
    id="radix-:r2:"
    role="dialog"
    style="pointer-events: auto;"
    tabindex="-1"
  >
    <div
      class="flex flex-col space-y-1.5 text-center sm:text-left space-y-0"
    >
      <h2
        class="text-lg font-semibold leading-none tracking-tight text-primary sr-only"
        id="radix-:r3:"
      >
        Editar lançamento
      </h2>
      <div
        class="modal-glass-header flex shrink-0 items-start justify-between gap-3"
      >
        <h2
          class="min-w-0 flex-1 text-base font-bold uppercase tracking-tight text-primary sm:text-lg"
          id=":r1:"
        >
          Editar lançamento
        </h2>
        <button
          aria-label="Fechar"
          class="shrink-0 rounded-full border border-glass p-1.5 text-secondary motion-standard hover:bg-accent hover:text-primary focus:outline-none focus:ring-2 focus:ring-[var(--color-focus)]"
          type="button"
        >
          <svg
            aria-hidden="true"
            class="lucide lucide-x "
            fill="none"
            height="16"
            stroke="currentColor"
            stroke-linecap="round"
            stroke-linejoin="round"
            stroke-width="2"
            viewBox="0 0 24 24"
            width="16"
            xmlns="http://www.w3.org/2000/svg"
          >
            <path
              d="M18 6 6 18"
            />
            <path
              d="m6 6 12 12"
            />
          </svg>
        </button>
      </div>
    </div>
    <div
      class="modal-glass-body min-h-0 flex-1 overflow-y-auto text-primary"
    >
      <div>
        <p>
          Conteúdo do modal
        </p>
      </div>
    </div>
  </div>
  <span
    aria-hidden="true"
    data-aria-hidden="true"
    data-radix-focus-guard=""
    style="outline: none; opacity: 0; position: fixed; pointer-events: none;"
    tabindex="0"
  />
</body>
`;

exports[`UI primitives snapshots > ModalActionFooter renders with delete action consistently 1`] = `
<form>
  <div
    class="modal-action-footer -mx-4 mt-4 flex items-center justify-center gap-4 border-t border-glass px-4 py-4 sm:-mx-5 sm:px-5"
  >
    <button
      class="inline-flex items-center justify-center gap-2 whitespace-nowrap rounded-xl text-sm font-semibold ring-offset-background transition-colors focus-visible:outline-none focus-visible:ring-2 focus-visible:ring-ring focus-visible:ring-offset-2 disabled:pointer-events-none disabled:opacity-50 motion-standard press-subtle [&_svg]:pointer-events-none [&_svg]:size-4 [&_svg]:shrink-0 border border-transparent text-expense hover:bg-expense/10 hover:text-expense h-10 px-4 py-2 min-h-10 px-3 flex-shrink-0"
      title="Excluir item"
      type="button"
    >
      <svg
        class="lucide lucide-trash2 "
        fill="none"
        height="24"
        stroke="currentColor"
        stroke-linecap="round"
        stroke-linejoin="round"
        stroke-width="2"
        viewBox="0 0 24 24"
        width="24"
        xmlns="http://www.w3.org/2000/svg"
      >
        <path
          d="M3 6h18"
        />
        <path
          d="M19 6v14c0 1-1 2-2 2H7c-1 0-2-1-2-2V6"
        />
        <path
          d="M8 6V4c0-1 1-2 2-2h4c1 0 2 1 2 2v2"
        />
        <line
          x1="10"
          x2="10"
          y1="11"
          y2="17"
        />
        <line
          x1="14"
          x2="14"
          y1="11"
          y2="17"
        />
      </svg>
    </button>
    <button
      class="inline-flex items-center justify-center gap-2 whitespace-nowrap rounded-xl text-sm font-semibold ring-offset-background transition-colors focus-visible:outline-none focus-visible:ring-2 focus-visible:ring-ring focus-visible:ring-offset-2 disabled:pointer-events-none disabled:opacity-50 motion-standard press-subtle [&_svg]:pointer-events-none [&_svg]:size-4 [&_svg]:shrink-0 border border-transparent text-income hover:bg-income/10 hover:text-income h-10 px-4 py-2 min-h-10 px-3 flex-shrink-0"
      disabled=""
      title="Salvar alterações"
      type="submit"
    >
      <svg
        class="lucide lucide-check "
        fill="none"
        height="24"
        stroke="currentColor"
        stroke-linecap="round"
        stroke-linejoin="round"
        stroke-width="2"
        viewBox="0 0 24 24"
        width="24"
        xmlns="http://www.w3.org/2000/svg"
      >
        <path
          d="M20 6 9 17l-5-5"
        />
      </svg>
    </button>
  </div>
</form>
`;

exports[`UI primitives snapshots > PageHeader renders title, subtitle and action consistently 1`] = `
<header
  class="surface-glass relative z-30 border-b border-glass safe-area-top motion-standard"
>
  <div
    class="px-4 py-3 lg:px-6 flex flex-col gap-3 sm:flex-row sm:items-center sm:justify-between sm:gap-4"
  >
    <div
      class="min-w-0 flex-1"
    >
      <h1
        class="truncate text-lg font-bold tracking-tight text-primary sm:text-xl"
      >
        Relatórios
      </h1>
      <p
        class="mt-0.5 truncate text-xs text-secondary sm:text-sm"
      >
        Resumo anual e mensal
      </p>
    </div>
    <div
      class="flex shrink-0 items-center gap-2 w-full sm:w-auto"
    >
      <button
        class="inline-flex items-center justify-center gap-2 whitespace-nowrap rounded-xl text-sm font-semibold ring-offset-background transition-colors focus-visible:outline-none focus-visible:ring-2 focus-visible:ring-ring focus-visible:ring-offset-2 disabled:pointer-events-none disabled:opacity-50 motion-standard press-subtle [&_svg]:pointer-events-none [&_svg]:size-4 [&_svg]:shrink-0 border border-primary/25 bg-primary text-primary-foreground shadow-sm hover:opacity-90 h-9 rounded-lg px-3 min-h-9"
      >
        Exportar
      </button>
    </div>
  </div>
</header>
`;

exports[`UI primitives snapshots > Select renders options and error state consistently 1`] = `
<div
  class="w-full "
>
  <label
    class="block text-[10px] font-black text-secondary uppercase tracking-widest mb-1.5 opacity-60 ml-1"
  >
    Categoria
     
  </label>
  <div
    class="relative "
  >
    <button
      class="
              w-full flex items-center justify-between px-4 py-3 rounded-xl border transition-all duration-300 text-sm font-medium surface-glass
              border-glass hover:bg-tertiary/50 shadow-none
              cursor-pointer
              border-danger/50
            "
      type="button"
    >
      <span
        class="min-w-0 flex-1 text-left text-primary"
      >
        <span
          class="truncate block"
        >
          Alimentação
        </span>
      </span>
      <svg
        class="lucide lucide-chevron-down text-secondary transition-transform duration-300 "
        fill="none"
        height="18"
        stroke="currentColor"
        stroke-linecap="round"
        stroke-linejoin="round"
        stroke-width="2"
        viewBox="0 0 24 24"
        width="18"
        xmlns="http://www.w3.org/2000/svg"
      >
        <path
          d="m6 9 6 6 6-6"
        />
      </svg>
    </button>
  </div>
  <p
    class="mt-1.5 text-[10px] font-bold text-danger ml-1"
  >
    Selecione uma categoria
  </p>
</div>
`;
