// Vitest Snapshot v1, https://vitest.dev/guide/snapshot.html

exports[`UI secondary components snapshots > CategoryBadge renders label and color 1`] = `
<span
  class="inline-flex max-w-full min-w-0 items-center gap-1 rounded-full border px-2 py-0.5 text-[11px] leading-4 sm:text-xs font-medium"
  style="background-color: color-mix(in srgb, var(--color-expense) 14%, transparent); border-color: color-mix(in srgb, var(--color-expense) 28%, transparent); color: color-mix(in srgb, var(--color-expense) 92%, var(--color-text-primary) 8%);"
  title="Alimentação"
>
  <span
    class="h-1.5 w-1.5 rounded-full flex-shrink-0"
    style="background-color: var(--color-expense);"
  />
  <span
    class="truncate"
  >
    Alimentação
  </span>
</span>
`;

exports[`UI secondary components snapshots > IconButton renders variants and sizes 1`] = `
<div>
  <button
    aria-label="Adicionar"
    class="inline-flex items-center justify-center gap-2 whitespace-nowrap border text-sm font-semibold ring-offset-background transition-colors focus-visible:outline-none focus-visible:ring-2 focus-visible:ring-ring focus-visible:ring-offset-2 disabled:pointer-events-none disabled:opacity-50 motion-standard press-subtle [&_svg]:pointer-events-none [&_svg]:size-4 [&_svg]:shrink-0 border-glass bg-transparent text-primary hover:bg-accent hover:text-primary rounded-full h-8 w-8 min-h-8"
    type="button"
  >
    <svg
      class="lucide lucide-plus "
      fill="none"
      height="24"
      stroke="currentColor"
      stroke-linecap="round"
      stroke-linejoin="round"
      stroke-width="2"
      viewBox="0 0 24 24"
      width="24"
      xmlns="http://www.w3.org/2000/svg"
    >
      <path
        d="M5 12h14"
      />
      <path
        d="M12 5v14"
      />
    </svg>
  </button>
  <button
    aria-label="Excluir"
    class="inline-flex items-center justify-center gap-2 whitespace-nowrap border text-sm font-semibold ring-offset-background transition-colors focus-visible:outline-none focus-visible:ring-2 focus-visible:ring-ring focus-visible:ring-offset-2 disabled:pointer-events-none disabled:opacity-50 motion-standard press-subtle [&_svg]:pointer-events-none [&_svg]:size-4 [&_svg]:shrink-0 border-glass bg-transparent text-expense hover:bg-expense/10 hover:text-expense rounded-full h-10 w-10 min-h-10"
    type="button"
  >
    <svg
      class="lucide lucide-plus "
      fill="none"
      height="24"
      stroke="currentColor"
      stroke-linecap="round"
      stroke-linejoin="round"
      stroke-width="2"
      viewBox="0 0 24 24"
      width="24"
      xmlns="http://www.w3.org/2000/svg"
    >
      <path
        d="M5 12h14"
      />
      <path
        d="M12 5v14"
      />
    </svg>
  </button>
  <button
    aria-label="Salvar"
    class="inline-flex items-center justify-center gap-2 whitespace-nowrap border text-sm font-semibold ring-offset-background transition-colors focus-visible:outline-none focus-visible:ring-2 focus-visible:ring-ring focus-visible:ring-offset-2 disabled:pointer-events-none disabled:opacity-50 motion-standard press-subtle [&_svg]:pointer-events-none [&_svg]:size-4 [&_svg]:shrink-0 border-glass bg-transparent text-income hover:bg-income/10 hover:text-income rounded-full h-11 w-11 min-h-11"
    type="button"
  >
    <svg
      class="lucide lucide-plus "
      fill="none"
      height="24"
      stroke="currentColor"
      stroke-linecap="round"
      stroke-linejoin="round"
      stroke-width="2"
      viewBox="0 0 24 24"
      width="24"
      xmlns="http://www.w3.org/2000/svg"
    >
      <path
        d="M5 12h14"
      />
      <path
        d="M12 5v14"
      />
    </svg>
  </button>
</div>
`;
